Component: ARM Compiler 5.06 update 4 (build 422) Tool: armlink [4d35d2]

==============================================================================

Section Cross References

    startup_stm32f10x_hd.o(RESET) refers to startup_stm32f10x_hd.o(STACK) for __initial_sp
    startup_stm32f10x_hd.o(RESET) refers to startup_stm32f10x_hd.o(.text) for Reset_Handler
    startup_stm32f10x_hd.o(RESET) refers to context_rvds.o(.text) for HardFault_Handler
    startup_stm32f10x_hd.o(RESET) refers to board.o(.text) for SysTick_Handler
    startup_stm32f10x_hd.o(RESET) refers to rtc.o(.text) for RTC_IRQHandler
    startup_stm32f10x_hd.o(RESET) refers to menu_key.o(.text) for EXTI0_IRQHandler
    startup_stm32f10x_hd.o(RESET) refers to bsp_usart2.o(.text) for USART2_IRQHandler
    startup_stm32f10x_hd.o(RESET) refers to bsp_usart3.o(.text) for USART3_IRQHandler
    startup_stm32f10x_hd.o(RESET) refers to sdio_sdcard.o(.text) for SDIO_IRQHandler
    startup_stm32f10x_hd.o(.text) refers to system_stm32f10x.o(.text) for SystemInit
    startup_stm32f10x_hd.o(.text) refers to entry.o(.ARM.Collect$$$$00000000) for __main
    system_stm32f10x.o(.text) refers to system_stm32f10x.o(.data) for SystemCoreClock
    stm32f10x_adc.o(.text) refers to stm32f10x_rcc.o(.text) for RCC_APB2PeriphResetCmd
    stm32f10x_bkp.o(.text) refers to stm32f10x_rcc.o(.text) for RCC_BackupResetCmd
    stm32f10x_can.o(.text) refers to stm32f10x_rcc.o(.text) for RCC_APB1PeriphResetCmd
    stm32f10x_cec.o(.text) refers to stm32f10x_rcc.o(.text) for RCC_APB1PeriphResetCmd
    stm32f10x_dac.o(.text) refers to stm32f10x_rcc.o(.text) for RCC_APB1PeriphResetCmd
    stm32f10x_gpio.o(.text) refers to stm32f10x_rcc.o(.text) for RCC_APB2PeriphResetCmd
    stm32f10x_i2c.o(.text) refers to stm32f10x_rcc.o(.text) for RCC_APB1PeriphResetCmd
    stm32f10x_pwr.o(.text) refers to stm32f10x_rcc.o(.text) for RCC_APB1PeriphResetCmd
    stm32f10x_rcc.o(.text) refers to stm32f10x_rcc.o(.data) for APBAHBPrescTable
    stm32f10x_spi.o(.text) refers to stm32f10x_rcc.o(.text) for RCC_APB2PeriphResetCmd
    stm32f10x_tim.o(.text) refers to stm32f10x_rcc.o(.text) for RCC_APB2PeriphResetCmd
    stm32f10x_usart.o(.text) refers to stm32f10x_rcc.o(.text) for RCC_APB2PeriphResetCmd
    stm32f10x_wwdg.o(.text) refers to stm32f10x_rcc.o(.text) for RCC_APB1PeriphResetCmd
    clock.o(.text) refers to context_rvds.o(.text) for rt_hw_interrupt_disable
    clock.o(.text) refers to thread.o(.text) for rt_thread_self
    clock.o(.text) refers to timer.o(.text) for rt_timer_check
    clock.o(.text) refers to clock.o(.data) for rt_tick
    components.o(.text) refers to main.o(.text) for $Super$$main
    components.o(.text) refers to thread.o(.text) for rt_thread_create
    components.o(.text) refers to context_rvds.o(.text) for rt_hw_interrupt_disable
    components.o(.text) refers to board.o(.text) for rt_hw_board_init
    components.o(.text) refers to kservice.o(.text) for rt_show_version
    components.o(.text) refers to timer.o(.text) for rt_system_timer_init
    components.o(.text) refers to scheduler.o(.text) for rt_system_scheduler_init
    components.o(.text) refers to idle.o(.text) for rt_thread_idle_init
    components.o(.text) refers to components.o(.rti_fn.0.end) for __rt_init_rti_board_start
    components.o(.text) refers to components.o(.rti_fn.1.end) for __rt_init_rti_board_end
    components.o(.text) refers to components.o(.rti_fn.6.end) for __rt_init_rti_end
    components.o(.rti_fn.0) refers to components.o(.text) for rti_start
    components.o(.rti_fn.0.end) refers to components.o(.text) for rti_board_start
    components.o(.rti_fn.1.end) refers to components.o(.text) for rti_board_end
    components.o(.rti_fn.6.end) refers to components.o(.text) for rti_end
    idle.o(.text) refers to context_rvds.o(.text) for rt_hw_interrupt_disable
    idle.o(.text) refers to scheduler.o(.text) for rt_enter_critical
    idle.o(.text) refers to object.o(.text) for rt_object_is_systemobject
    idle.o(.text) refers to mem.o(.text) for rt_free
    idle.o(.text) refers to thread.o(.text) for rt_thread_init
    idle.o(.text) refers to scheduler.o(.data) for rt_thread_defunct
    idle.o(.text) refers to idle.o(.bss) for rt_thread_stack
    ipc.o(.text) refers to thread.o(.text) for rt_thread_suspend
    ipc.o(.text) refers to context_rvds.o(.text) for rt_hw_interrupt_disable
    ipc.o(.text) refers to object.o(.text) for rt_object_init
    ipc.o(.text) refers to timer.o(.text) for rt_timer_control
    ipc.o(.text) refers to scheduler.o(.text) for rt_schedule
    ipc.o(.text) refers to mem.o(.text) for rt_free
    ipc.o(.text) refers to kservice.o(.text) for rt_memcpy
    ipc.o(.text) refers to clock.o(.text) for rt_tick_get
    irq.o(.text) refers to context_rvds.o(.text) for rt_hw_interrupt_disable
    irq.o(.text) refers to irq.o(.data) for rt_interrupt_nest
    kservice.o(.text) refers to irq.o(.text) for rt_interrupt_get_nest
    kservice.o(.text) refers to thread.o(.text) for rt_thread_self
[...]
    __cxa_finalize                            - Undefined Weak Reference
    _clock_init                               - Undefined Weak Reference
    _microlib_exit                            - Undefined Weak Reference
    __Vectors_Size                           0x00000130   Number         0  startup_stm32f10x_hd.o ABSOLUTE
    __Vectors                                0x08000000   Data           4  startup_stm32f10x_hd.o(RESET)
    __Vectors_End                            0x08000130   Data           0  startup_stm32f10x_hd.o(RESET)
    __main                                   0x08000131   Thumb Code     0  entry.o(.ARM.Collect$$$$00000000)
    _main_stk                                0x08000131   Thumb Code     0  entry2.o(.ARM.Collect$$$$00000001)
    _main_scatterload                        0x08000135   Thumb Code     0  entry5.o(.ARM.Collect$$$$00000004)
    __main_after_scatterload                 0x08000139   Thumb Code     0  entry5.o(.ARM.Collect$$$$00000004)
    _main_clock                              0x08000139   Thumb Code     0  entry7b.o(.ARM.Collect$$$$00000008)
    _main_cpp_init                           0x08000139   Thumb Code     0  entry8b.o(.ARM.Collect$$$$0000000A)
    _main_init                               0x08000139   Thumb Code     0  entry9a.o(.ARM.Collect$$$$0000000B)
    __rt_final_cpp                           0x08000141   Thumb Code     0  entry10a.o(.ARM.Collect$$$$0000000D)
    __rt_final_exit                          0x08000141   Thumb Code     0  entry11a.o(.ARM.Collect$$$$0000000F)
    Reset_Handler                            0x08000145   Thumb Code     8  startup_stm32f10x_hd.o(.text)
    NMI_Handler                              0x0800014d   Thumb Code     2  startup_stm32f10x_hd.o(.text)
    MemManage_Handler                        0x08000151   Thumb Code     2  startup_stm32f10x_hd.o(.text)
    BusFault_Handler                         0x08000153   Thumb Code     2  startup_stm32f10x_hd.o(.text)
    UsageFault_Handler                       0x08000155   Thumb Code     2  startup_stm32f10x_hd.o(.text)
    SVC_Handler                              0x08000157   Thumb Code     2  startup_stm32f10x_hd.o(.text)
    DebugMon_Handler                         0x08000159   Thumb Code     2  startup_stm32f10x_hd.o(.text)
    ADC1_2_IRQHandler                        0x0800015f   Thumb Code     0  startup_stm32f10x_hd.o(.text)
    ADC3_IRQHandler                          0x0800015f   Thumb Code     0  startup_stm32f10x_hd.o(.text)
    CAN1_RX1_IRQHandler                      0x0800015f   Thumb Code     0  startup_stm32f10x_hd.o(.text)
    CAN1_SCE_IRQHandler                      0x0800015f   Thumb Code     0  startup_stm32f10x_hd.o(.text)
    DMA1_Channel1_IRQHandler                 0x0800015f   Thumb Code     0  startup_stm32f10x_hd.o(.text)
    DMA1_Channel2_IRQHandler                 0x0800015f   Thumb Code     0  startup_stm32f10x_hd.o(.text)
    DMA1_Channel3_IRQHandler                 0x0800015f   Thumb Code     0  startup_stm32f10x_hd.o(.text)
    DMA1_Channel4_IRQHandler                 0x0800015f   Thumb Code     0  startup_stm32f10x_hd.o(.text)
    DMA1_Channel5_IRQHandler                 0x0800015f   Thumb Code     0  startup_stm32f10x_hd.o(.text)
    DMA1_Channel6_IRQHandler                 0x0800015f   Thumb Code     0  startup_stm32f10x_hd.o(.text)
    DMA1_Channel7_IRQHandler                 0x0800015f   Thumb Code     0  startup_stm32f10x_hd.o(.text)
    DMA2_Channel1_IRQHandler                 0x0800015f   Thumb Code     0  startup_stm32f10x_hd.o(.text)
    DMA2_Channel2_IRQHandler                 0x0800015f   Thumb Code     0  startup_stm32f10x_hd.o(.text)
    DMA2_Channel3_IRQHandler                 0x0800015f   Thumb Code     0  startup_stm32f10x_hd.o(.text)
    DMA2_Channel4_5_IRQHandler               0x0800015f   Thumb Code     0  startup_stm32f10x_hd.o(.text)
    EXTI15_10_IRQHandler                     0x0800015f   Thumb Code     0  startup_stm32f10x_hd.o(.text)
    EXTI1_IRQHandler                         0x0800015f   Thumb Code     0  startup_stm32f10x_hd.o(.text)
    EXTI9_5_IRQHandler                       0x0800015f   Thumb Code     0  startup_stm32f10x_hd.o(.text)
    FLASH_IRQHandler                         0x0800015f   Thumb Code     0  startup_stm32f10x_hd.o(.text)
    FSMC_IRQHandler                          0x0800015f   Thumb Code     0  startup_stm32f10x_hd.o(.text)
    I2C1_ER_IRQHandler                       0x0800015f   Thumb Code     0  startup_stm32f10x_hd.o(.text)
    I2C1_EV_IRQHandler                       0x0800015f   Thumb Code     0  startup_stm32f10x_hd.o(.text)
    I2C2_ER_IRQHandler                       0x0800015f   Thumb Code     0  startup_stm32f10x_hd.o(.text)
    I2C2_EV_IRQHandler                       0x0800015f   Thumb Code     0  startup_stm32f10x_hd.o(.text)
    PVD_IRQHandler                           0x0800015f   Thumb Code     0  startup_stm32f10x_hd.o(.text)
    RCC_IRQHandler                           0x0800015f   Thumb Code     0  startup_stm32f10x_hd.o(.text)
    RTCAlarm_IRQHandler                      0x0800015f   Thumb Code     0  startup_stm32f10x_hd.o(.text)
    SPI1_IRQHandler                          0x0800015f   Thumb Code     0  startup_stm32f10x_hd.o(.text)
    SPI2_IRQHandler                          0x0800015f   Thumb Code     0  startup_stm32f10x_hd.o(.text)
    SPI3_IRQHandler                          0x0800015f   Thumb Code     0  startup_stm32f10x_hd.o(.text)
    TAMPER_IRQHandler                        0x0800015f   Thumb Code     0  startup_stm32f10x_hd.o(.text)
    TIM1_BRK_IRQHandler                      0x0800015f   Thumb Code     0  startup_stm32f10x_hd.o(.text)
    TIM1_CC_IRQHandler                       0x0800015f   Thumb Code     0  startup_stm32f10x_hd.o(.text)
    TIM1_TRG_COM_IRQHandler                  0x0800015f   Thumb Code     0  startup_stm32f10x_hd.o(.text)
    TIM1_UP_IRQHandler                       0x0800015f   Thumb Code     0  startup_stm32f10x_hd.o(.text)
    TIM2_IRQHandler                          0x0800015f   Thumb Code     0  startup_stm32f10x_hd.o(.text)
    TIM3_IRQHandler                          0x0800015f   Thumb Code     0  startup_stm32f10x_hd.o(.text)
    TIM4_IRQHandler                          0x0800015f   Thumb Code     0  startup_stm32f10x_hd.o(.text)
    TIM5_IRQHandler                          0x0800015f   Thumb Code     0  startup_stm32f10x_hd.o(.text)
    TIM6_IRQHandler                          0x0800015f   Thumb Code     0  startup_stm32f10x_hd.o(.text)
    TIM7_IRQHandler                          0x0800015f   Thumb Code     0  startup_stm32f10x_hd.o(.text)
    TIM8_BRK_IRQHandler                      0x0800015f   Thumb Code     0  startup_stm32f10x_hd.o(.text)
    TIM8_CC_IRQHandler                       0x0800015f   Thumb Code     0  startup_stm32f10x_hd.o(.text)
    TIM8_TRG_COM_IRQHandler                  0x0800015f   Thumb Code     0  startup_stm32f10x_hd.o(.text)
    TIM8_UP_IRQHandler                       0x0800015f   Thumb Code     0  startup_stm32f10x_hd.o(.text)
    UART4_IRQHandler                         0x0800015f   Thumb Code     0  startup_stm32f10x_hd.o(.text)
    UART5_IRQHandler                         0x0800015f   Thumb Code     0  startup_stm32f10x_hd.o(.text)
    USART1_IRQHandler                        0x0800015f   Thumb Code     0  startup_stm32f10x_hd.o(.text)
    USBWakeUp_IRQHandler                     0x0800015f   Thumb Code     0  startup_stm32f10x_hd.o(.text)
    USB_HP_CAN1_TX_IRQHandler                0x0800015f   Thumb Code     0  startup_stm32f10x_hd.o(.text)
    USB_LP_CAN1_RX0_IRQHandler               0x0800015f   Thumb Code     0  startup_stm32f10x_hd.o(.text)
    WWDG_IRQHandler                          0x0800015f   Thumb Code     0  startup_stm32f10x_hd.o(.text)
    SystemInit                               0x08000247   Thumb Code    78  system_stm32f10x.o(.text)
    SystemCoreClockUpdate                    0x08000295   Thumb Code   142  system_stm32f10x.o(.text)
    NVIC_PriorityGroupConfig                 0x08000349   Thumb Code    10  misc.o(.text)
    NVIC_Init                                0x08000353   Thumb Code   100  misc.o(.text)
    NVIC_SetVectorTable                      0x080003b7   Thumb Code    14  misc.o(.text)
    NVIC_SystemLPConfig                      0x080003c5   Thumb Code    34  misc.o(.text)
    SysTick_CLKSourceConfig                  0x080003e7   Thumb Code    40  misc.o(.text)
    BKP_DeInit                               0x08000425   Thumb Code    16  stm32f10x_bkp.o(.text)
    BKP_TamperPinLevelConfig                 0x08000435   Thumb Code     6  stm32f10x_bkp.o(.text)
    BKP_TamperPinCmd                         0x0800043b   Thumb Code     8  stm32f10x_bkp.o(.text)
    BKP_ITConfig                             0x08000443   Thumb Code     8  stm32f10x_bkp.o(.text)
    BKP_RTCOutputConfig                      0x0800044b   Thumb Code    22  stm32f10x_bkp.o(.text)
    BKP_SetRTCCalibrationValue               0x08000461   Thumb Code    22  stm32f10x_bkp.o(.text)
    BKP_WriteBackupRegister                  0x08000477   Thumb Code    24  stm32f10x_bkp.o(.text)
    BKP_ReadBackupRegister                   0x0800048f   Thumb Code    26  stm32f10x_bkp.o(.text)
    BKP_GetFlagStatus                        0x080004a9   Thumb Code    10  stm32f10x_bkp.o(.text)
    BKP_ClearFlag                            0x080004b3   Thumb Code    18  stm32f10x_bkp.o(.text)
    BKP_GetITStatus                          0x080004c5   Thumb Code    10  stm32f10x_bkp.o(.text)
    BKP_ClearITPendingBit                    0x080004cf   Thumb Code    18  stm32f10x_bkp.o(.text)
    DMA_DeInit                               0x080004e9   Thumb Code   324  stm32f10x_dma.o(.text)
    DMA_Init                                 0x0800062d   Thumb Code    60  stm32f10x_dma.o(.text)
    DMA_StructInit                           0x08000669   Thumb Code    26  stm32f10x_dma.o(.text)
    DMA_Cmd                                  0x08000683   Thumb Code    24  stm32f10x_dma.o(.text)
    DMA_ITConfig                             0x0800069b   Thumb Code    18  stm32f10x_dma.o(.text)
    DMA_SetCurrDataCounter                   0x080006ad   Thumb Code     4  stm32f10x_dma.o(.text)
    DMA_GetCurrDataCounter                   0x080006b1   Thumb Code     8  stm32f10x_dma.o(.text)
    DMA_GetFlagStatus                        0x080006b9   Thumb Code    40  stm32f10x_dma.o(.text)
    DMA_ClearFlag                            0x080006e1   Thumb Code    22  stm32f10x_dma.o(.text)
    DMA_GetITStatus                          0x080006f7   Thumb Code    40  stm32f10x_dma.o(.text)
    DMA_ClearITPendingBit                    0x0800071f   Thumb Code    22  stm32f10x_dma.o(.text)
    EXTI_DeInit                              0x0800073d   Thumb Code    28  stm32f10x_exti.o(.text)
    EXTI_Init                                0x08000759   Thumb Code   142  stm32f10x_exti.o(.text)
    EXTI_StructInit                          0x080007e7   Thumb Code    16  stm32f10x_exti.o(.text)
    EXTI_GenerateSWInterrupt                 0x080007f7   Thumb Code    16  stm32f10x_exti.o(.text)
    EXTI_GetFlagStatus                       0x08000807   Thumb Code    22  stm32f10x_exti.o(.text)
    EXTI_ClearFlag                           0x0800081d   Thumb Code     8  stm32f10x_exti.o(.text)
    EXTI_GetITStatus                         0x08000825   Thumb Code    34  stm32f10x_exti.o(.text)
    EXTI_ClearITPendingBit                   0x08000847   Thumb Code     8  stm32f10x_exti.o(.text)
    FSMC_NORSRAMDeInit                       0x08000859   Thumb Code    54  stm32f10x_fsmc.o(.text)
    FSMC_NANDDeInit                          0x0800088f   Thumb Code    62  stm32f10x_fsmc.o(.text)
    FSMC_PCCARDDeInit                        0x080008cd   Thumb Code    36  stm32f10x_fsmc.o(.text)
    FSMC_NORSRAMInit                         0x080008f1   Thumb Code   230  stm32f10x_fsmc.o(.text)
    FSMC_NANDInit                            0x080009d7   Thumb Code   132  stm32f10x_fsmc.o(.text)
    FSMC_PCCARDInit                          0x08000a5b   Thumb Code   130  stm32f10x_fsmc.o(.text)
    FSMC_NORSRAMStructInit                   0x08000add   Thumb Code   114  stm32f10x_fsmc.o(.text)
    FSMC_NANDStructInit                      0x08000b4f   Thumb Code    54  stm32f10x_fsmc.o(.text)
    FSMC_PCCARDStructInit                    0x08000b85   Thumb Code    60  stm32f10x_fsmc.o(.text)
    FSMC_NORSRAMCmd                          0x08000bc1   Thumb Code    46  stm32f10x_fsmc.o(.text)
    FSMC_NANDCmd                             0x08000bef   Thumb Code    86  stm32f10x_fsmc.o(.text)
    FSMC_PCCARDCmd                           0x08000c45   Thumb Code    44  stm32f10x_fsmc.o(.text)
    FSMC_NANDECCCmd                          0x08000c71   Thumb Code    90  stm32f10x_fsmc.o(.text)
    FSMC_GetECC                              0x08000ccb   Thumb Code    24  stm32f10x_fsmc.o(.text)
    FSMC_ITConfig                            0x08000ce3   Thumb Code   128  stm32f10x_fsmc.o(.text)
    FSMC_GetFlagStatus                       0x08000d63   Thumb Code    54  stm32f10x_fsmc.o(.text)
    FSMC_ClearFlag                           0x08000d99   Thumb Code    62  stm32f10x_fsmc.o(.text)
    FSMC_GetITStatus                         0x08000dd7   Thumb Code    64  stm32f10x_fsmc.o(.text)
    FSMC_ClearITPendingBit                   0x08000e17   Thumb Code    68  stm32f10x_fsmc.o(.text)
    GPIO_DeInit                              0x08000e65   Thumb Code   172  stm32f10x_gpio.o(.text)
    GPIO_AFIODeInit                          0x08000f11   Thumb Code    20  stm32f10x_gpio.o(.text)
    GPIO_Init                                0x08000f25   Thumb Code   278  stm32f10x_gpio.o(.text)
    GPIO_StructInit                          0x0800103b   Thumb Code    16  stm32f10x_gpio.o(.text)
    GPIO_ReadInputDataBit                    0x0800104b   Thumb Code    18  stm32f10x_gpio.o(.text)
    GPIO_ReadInputData                       0x0800105d   Thumb Code     8  stm32f10x_gpio.o(.text)
    GPIO_ReadOutputDataBit                   0x08001065   Thumb Code    18  stm32f10x_gpio.o(.text)
    GPIO_ReadOutputData                      0x08001077   Thumb Code     8  stm32f10x_gpio.o(.text)
    GPIO_SetBits                             0x0800107f   Thumb Code     4  stm32f10x_gpio.o(.text)
    GPIO_ResetBits                           0x08001083   Thumb Code     4  stm32f10x_gpio.o(.text)
    GPIO_WriteBit                            0x08001087   Thumb Code    10  stm32f10x_gpio.o(.text)
    GPIO_Write                               0x08001091   Thumb Code     4  stm32f10x_gpio.o(.text)
    GPIO_PinLockConfig                       0x08001095   Thumb Code    18  stm32f10x_gpio.o(.text)
    GPIO_EventOutputConfig                   0x080010a7   Thumb Code    26  stm32f10x_gpio.o(.text)
    GPIO_EventOutputCmd                      0x080010c1   Thumb Code     6  stm32f10x_gpio.o(.text)
    GPIO_PinRemapConfig                      0x080010c7   Thumb Code   138  stm32f10x_gpio.o(.text)
    GPIO_EXTILineConfig                      0x08001151   Thumb Code    66  stm32f10x_gpio.o(.text)
    GPIO_ETH_MediaInterfaceConfig            0x08001193   Thumb Code     8  stm32f10x_gpio.o(.text)
    PWR_DeInit                               0x080011c1   Thumb Code    22  stm32f10x_pwr.o(.text)
    PWR_BackupAccessCmd                      0x080011d7   Thumb Code     6  stm32f10x_pwr.o(.text)
    PWR_PVDCmd                               0x080011dd   Thumb Code     6  stm32f10x_pwr.o(.text)
    PWR_PVDLevelConfig                       0x080011e3   Thumb Code    18  stm32f10x_pwr.o(.text)
    PWR_WakeUpPinCmd                         0x080011f5   Thumb Code     8  stm32f10x_pwr.o(.text)
    PWR_EnterSTOPMode                        0x080011fd   Thumb Code    54  stm32f10x_pwr.o(.text)
    PWR_EnterSTANDBYMode                     0x08001233   Thumb Code    42  stm32f10x_pwr.o(.text)
    PWR_GetFlagStatus                        0x0800125d   Thumb Code    20  stm32f10x_pwr.o(.text)
    PWR_ClearFlag                            0x08001271   Thumb Code    14  stm32f10x_pwr.o(.text)
    RCC_DeInit                               0x0800128d   Thumb Code    64  stm32f10x_rcc.o(.text)
    RCC_HSEConfig                            0x080012cd   Thumb Code    70  stm32f10x_rcc.o(.text)
    RCC_GetFlagStatus                        0x08001313   Thumb Code    56  stm32f10x_rcc.o(.text)
    RCC_WaitForHSEStartUp                    0x0800134b   Thumb Code    56  stm32f10x_rcc.o(.text)
    RCC_AdjustHSICalibrationValue            0x08001383   Thumb Code    20  stm32f10x_rcc.o(.text)
    RCC_HSICmd                               0x08001397   Thumb Code     6  stm32f10x_rcc.o(.text)
    RCC_PLLConfig                            0x0800139d   Thumb Code    24  stm32f10x_rcc.o(.text)
    RCC_PLLCmd                               0x080013b5   Thumb Code     6  stm32f10x_rcc.o(.text)
    RCC_SYSCLKConfig                         0x080013bb   Thumb Code    18  stm32f10x_rcc.o(.text)
    RCC_GetSYSCLKSource                      0x080013cd   Thumb Code    10  stm32f10x_rcc.o(.text)
    RCC_HCLKConfig                           0x080013d7   Thumb Code    18  stm32f10x_rcc.o(.text)
    RCC_PCLK1Config                          0x080013e9   Thumb Code    18  stm32f10x_rcc.o(.text)
    RCC_PCLK2Config                          0x080013fb   Thumb Code    20  stm32f10x_rcc.o(.text)
    RCC_ITConfig                             0x0800140f   Thumb Code    26  stm32f10x_rcc.o(.text)
    RCC_USBCLKConfig                         0x08001429   Thumb Code     8  stm32f10x_rcc.o(.text)
    RCC_ADCCLKConfig                         0x08001431   Thumb Code    18  stm32f10x_rcc.o(.text)
    RCC_LSEConfig                            0x08001443   Thumb Code    50  stm32f10x_rcc.o(.text)
    RCC_LSICmd                               0x08001475   Thumb Code     6  stm32f10x_rcc.o(.text)
    RCC_RTCCLKConfig                         0x0800147b   Thumb Code    12  stm32f10x_rcc.o(.text)
    RCC_RTCCLKCmd                            0x08001487   Thumb Code     8  stm32f10x_rcc.o(.text)
    RCC_GetClocksFreq                        0x0800148f   Thumb Code   192  stm32f10x_rcc.o(.text)
    RCC_AHBPeriphClockCmd                    0x0800154f   Thumb Code    26  stm32f10x_rcc.o(.text)
    RCC_APB2PeriphClockCmd                   0x08001569   Thumb Code    26  stm32f10x_rcc.o(.text)
    RCC_APB1PeriphClockCmd                   0x08001583   Thumb Code    26  stm32f10x_rcc.o(.text)
    RCC_APB2PeriphResetCmd                   0x0800159d   Thumb Code    26  stm32f10x_rcc.o(.text)
    RCC_APB1PeriphResetCmd                   0x080015b7   Thumb Code    26  stm32f10x_rcc.o(.text)
    RCC_BackupResetCmd                       0x080015d1   Thumb Code     8  stm32f10x_rcc.o(.text)
    RCC_ClockSecuritySystemCmd               0x080015d9   Thumb Code     6  stm32f10x_rcc.o(.text)
    RCC_MCOConfig                            0x080015df   Thumb Code     6  stm32f10x_rcc.o(.text)
    RCC_ClearFlag                            0x080015e5   Thumb Code    14  stm32f10x_rcc.o(.text)
    RCC_GetITStatus                          0x080015f3   Thumb Code    20  stm32f10x_rcc.o(.text)
    RCC_ClearITPendingBit                    0x08001607   Thumb Code     6  stm32f10x_rcc.o(.text)
    RTC_ITConfig                             0x08001631   Thumb Code    26  stm32f10x_rtc.o(.text)
    RTC_EnterConfigMode                      0x0800164b   Thumb Code    18  stm32f10x_rtc.o(.text)
    RTC_ExitConfigMode                       0x0800165d   Thumb Code    20  stm32f10x_rtc.o(.text)
    RTC_GetCounter                           0x08001671   Thumb Code    18  stm32f10x_rtc.o(.text)
    RTC_SetCounter                           0x08001683   Thumb Code    26  stm32f10x_rtc.o(.text)
    RTC_SetPrescaler                         0x0800169d   Thumb Code    28  stm32f10x_rtc.o(.text)
    RTC_SetAlarm                             0x080016b9   Thumb Code    26  stm32f10x_rtc.o(.text)
    RTC_GetDivider                           0x080016d3   Thumb Code    22  stm32f10x_rtc.o(.text)
    RTC_WaitForLastTask                      0x080016e9   Thumb Code    18  stm32f10x_rtc.o(.text)
    RTC_WaitForSynchro                       0x080016fb   Thumb Code    36  stm32f10x_rtc.o(.text)
    RTC_GetFlagStatus                        0x0800171f   Thumb Code    22  stm32f10x_rtc.o(.text)
    RTC_ClearFlag                            0x08001735   Thumb Code    16  stm32f10x_rtc.o(.text)
    RTC_GetITStatus                          0x08001745   Thumb Code    32  stm32f10x_rtc.o(.text)
    RTC_ClearITPendingBit                    0x08001765   Thumb Code    16  stm32f10x_rtc.o(.text)
    SDIO_DeInit                              0x08001779   Thumb Code    28  stm32f10x_sdio.o(.text)
    SDIO_Init                                0x08001795   Thumb Code    42  stm32f10x_sdio.o(.text)
    SDIO_StructInit                          0x080017bf   Thumb Code    16  stm32f10x_sdio.o(.text)
    SDIO_ClockCmd                            0x080017cf   Thumb Code     6  stm32f10x_sdio.o(.text)
    SDIO_SetPowerState                       0x080017d5   Thumb Code    22  stm32f10x_sdio.o(.text)
    SDIO_GetPowerState                       0x080017eb   Thumb Code    10  stm32f10x_sdio.o(.text)
    SDIO_ITConfig                            0x080017f5   Thumb Code    26  stm32f10x_sdio.o(.text)
    SDIO_DMACmd                              0x0800180f   Thumb Code     6  stm32f10x_sdio.o(.text)
    SDIO_SendCommand                         0x08001815   Thumb Code    38  stm32f10x_sdio.o(.text)
    SDIO_CmdStructInit                       0x0800183b   Thumb Code    14  stm32f10x_sdio.o(.text)
    SDIO_GetCommandResponse                  0x08001849   Thumb Code     8  stm32f10x_sdio.o(.text)
    SDIO_GetResponse                         0x08001851   Thumb Code    22  stm32f10x_sdio.o(.text)
    SDIO_DataConfig                          0x08001867   Thumb Code    42  stm32f10x_sdio.o(.text)
    SDIO_DataStructInit                      0x08001891   Thumb Code    20  stm32f10x_sdio.o(.text)
    SDIO_GetDataCounter                      0x080018a5   Thumb Code     6  stm32f10x_sdio.o(.text)
    SDIO_ReadData                            0x080018ab   Thumb Code     8  stm32f10x_sdio.o(.text)
    SDIO_WriteData                           0x080018b3   Thumb Code     8  stm32f10x_sdio.o(.text)
    SDIO_GetFIFOCount                        0x080018bb   Thumb Code     6  stm32f10x_sdio.o(.text)
    SDIO_StartSDIOReadWait                   0x080018c1   Thumb Code     8  stm32f10x_sdio.o(.text)
    SDIO_StopSDIOReadWait                    0x080018c9   Thumb Code     8  stm32f10x_sdio.o(.text)
    SDIO_SetSDIOReadWaitMode                 0x080018d1   Thumb Code     8  stm32f10x_sdio.o(.text)
    SDIO_SetSDIOOperation                    0x080018d9   Thumb Code     8  stm32f10x_sdio.o(.text)
    SDIO_SendSDIOSuspendCmd                  0x080018e1   Thumb Code     6  stm32f10x_sdio.o(.text)
    SDIO_CommandCompletionCmd                0x080018e7   Thumb Code     8  stm32f10x_sdio.o(.text)
    SDIO_CEATAITCmd                          0x080018ef   Thumb Code    12  stm32f10x_sdio.o(.text)
    SDIO_SendCEATACmd                        0x080018fb   Thumb Code     8  stm32f10x_sdio.o(.text)
    SDIO_GetFlagStatus                       0x08001903   Thumb Code    20  stm32f10x_sdio.o(.text)
    SDIO_ClearFlag                           0x08001917   Thumb Code     6  stm32f10x_sdio.o(.text)
    SDIO_GetITStatus                         0x0800191d   Thumb Code    20  stm32f10x_sdio.o(.text)
    SDIO_ClearITPendingBit                   0x08001931   Thumb Code     6  stm32f10x_sdio.o(.text)
    SPI_I2S_DeInit                           0x0800194d   Thumb Code    76  stm32f10x_spi.o(.text)
    SPI_Init                                 0x08001999   Thumb Code    60  stm32f10x_spi.o(.text)
    I2S_Init                                 0x080019d5   Thumb Code   226  stm32f10x_spi.o(.text)
    SPI_StructInit                           0x08001ab7   Thumb Code    24  stm32f10x_spi.o(.text)
    I2S_StructInit                           0x08001acf   Thumb Code    20  stm32f10x_spi.o(.text)
    SPI_Cmd                                  0x08001ae3   Thumb Code    24  stm32f10x_spi.o(.text)
    I2S_Cmd                                  0x08001afb   Thumb Code    24  stm32f10x_spi.o(.text)
    SPI_I2S_ITConfig                         0x08001b13   Thumb Code    32  stm32f10x_spi.o(.text)
    SPI_I2S_DMACmd                           0x08001b33   Thumb Code    18  stm32f10x_spi.o(.text)
    SPI_I2S_SendData                         0x08001b45   Thumb Code     4  stm32f10x_spi.o(.text)
    SPI_I2S_ReceiveData                      0x08001b49   Thumb Code     6  stm32f10x_spi.o(.text)
    SPI_NSSInternalSoftwareConfig            0x08001b4f   Thumb Code    30  stm32f10x_spi.o(.text)
    SPI_SSOutputCmd                          0x08001b6d   Thumb Code    24  stm32f10x_spi.o(.text)
    SPI_DataSizeConfig                       0x08001b85   Thumb Code    18  stm32f10x_spi.o(.text)
    SPI_TransmitCRC                          0x08001b97   Thumb Code    10  stm32f10x_spi.o(.text)
    SPI_CalculateCRC                         0x08001ba1   Thumb Code    24  stm32f10x_spi.o(.text)
    SPI_GetCRC                               0x08001bb9   Thumb Code    16  stm32f10x_spi.o(.text)
    SPI_GetCRCPolynomial                     0x08001bc9   Thumb Code     6  stm32f10x_spi.o(.text)
    SPI_BiDirectionalLineConfig              0x08001bcf   Thumb Code    28  stm32f10x_spi.o(.text)
    SPI_I2S_GetFlagStatus                    0x08001beb   Thumb Code    18  stm32f10x_spi.o(.text)
    SPI_I2S_ClearFlag                        0x08001bfd   Thumb Code     6  stm32f10x_spi.o(.text)
    SPI_I2S_GetITStatus                      0x08001c03   Thumb Code    52  stm32f10x_spi.o(.text)
    SPI_I2S_ClearITPendingBit                0x08001c37   Thumb Code    20  stm32f10x_spi.o(.text)
    USART_DeInit                             0x08001c59   Thumb Code   134  stm32f10x_usart.o(.text)
    USART_Init                               0x08001cdf   Thumb Code   210  stm32f10x_usart.o(.text)
    USART_StructInit                         0x08001db1   Thumb Code    24  stm32f10x_usart.o(.text)
    USART_ClockInit                          0x08001dc9   Thumb Code    34  stm32f10x_usart.o(.text)
    USART_ClockStructInit                    0x08001deb   Thumb Code    12  stm32f10x_usart.o(.text)
    USART_Cmd                                0x08001df7   Thumb Code    24  stm32f10x_usart.o(.text)
    USART_ITConfig                           0x08001e0f   Thumb Code    74  stm32f10x_usart.o(.text)
    USART_DMACmd                             0x08001e59   Thumb Code    18  stm32f10x_usart.o(.text)
    USART_SetAddress                         0x08001e6b   Thumb Code    18  stm32f10x_usart.o(.text)
    USART_WakeUpConfig                       0x08001e7d   Thumb Code    18  stm32f10x_usart.o(.text)
    USART_ReceiverWakeUpCmd                  0x08001e8f   Thumb Code    24  stm32f10x_usart.o(.text)
    USART_LINBreakDetectLengthConfig         0x08001ea7   Thumb Code    18  stm32f10x_usart.o(.text)
    USART_LINCmd                             0x08001eb9   Thumb Code    24  stm32f10x_usart.o(.text)
    USART_SendData                           0x08001ed1   Thumb Code     8  stm32f10x_usart.o(.text)
    USART_ReceiveData                        0x08001ed9   Thumb Code    10  stm32f10x_usart.o(.text)
    USART_SendBreak                          0x08001ee3   Thumb Code    10  stm32f10x_usart.o(.text)
    USART_SetGuardTime                       0x08001eed   Thumb Code    16  stm32f10x_usart.o(.text)
    USART_SetPrescaler                       0x08001efd   Thumb Code    16  stm32f10x_usart.o(.text)
    USART_SmartCardCmd                       0x08001f0d   Thumb Code    24  stm32f10x_usart.o(.text)
    USART_SmartCardNACKCmd                   0x08001f25   Thumb Code    24  stm32f10x_usart.o(.text)
    USART_HalfDuplexCmd                      0x08001f3d   Thumb Code    24  stm32f10x_usart.o(.text)
    USART_OverSampling8Cmd                   0x08001f55   Thumb Code    22  stm32f10x_usart.o(.text)
    USART_OneBitMethodCmd                    0x08001f6b   Thumb Code    24  stm32f10x_usart.o(.text)
    USART_IrDAConfig                         0x08001f83   Thumb Code    18  stm32f10x_usart.o(.text)
    USART_IrDACmd                            0x08001f95   Thumb Code    24  stm32f10x_usart.o(.text)
    USART_GetFlagStatus                      0x08001fad   Thumb Code    26  stm32f10x_usart.o(.text)
    USART_ClearFlag                          0x08001fc7   Thumb Code    18  stm32f10x_usart.o(.text)
    USART_GetITStatus                        0x08001fd9   Thumb Code    84  stm32f10x_usart.o(.text)
    USART_ClearITPendingBit                  0x0800202d   Thumb Code    52  stm32f10x_usart.o(.text)
    rt_system_tick_init                      0x08002061   Thumb Code     2  clock.o(.text)
    rt_tick_get                              0x08002063   Thumb Code     6  clock.o(.text)
    rt_tick_set                              0x08002069   Thumb Code    22  clock.o(.text)
    rt_tick_increase                         0x0800207f   Thumb Code    42  clock.o(.text)
    rt_tick_from_millisecond                 0x080020a9   Thumb Code    32  clock.o(.text)
    rt_components_board_init                 0x080020dd   Thumb Code    20  components.o(.text)
    rt_components_init                       0x080020f1   Thumb Code    20  components.o(.text)
    main_thread_entry                        0x08002105   Thumb Code    14  components.o(.text)
    rt_application_init                      0x08002113   Thumb Code    34  components.o(.text)
    rtthread_startup                         0x08002135   Thumb Code    42  components.o(.text)
    main                                     0x0800215f   Thumb Code    14  components.o(.text)
    rt_thread_idle_excute                    0x08002181   Thumb Code   128  idle.o(.text)
    rt_thread_idle_init                      0x08002209   Thumb Code    38  idle.o(.text)
    rt_thread_idle_gethandler                0x0800222f   Thumb Code     4  idle.o(.text)
    rt_sem_init                              0x08002309   Thumb Code    38  ipc.o(.text)
    rt_sem_detach                            0x0800232f   Thumb Code    22  ipc.o(.text)
    rt_sem_create                            0x08002345   Thumb Code    42  ipc.o(.text)
    rt_sem_delete                            0x0800236f   Thumb Code    22  ipc.o(.text)
    rt_sem_take                              0x08002385   Thumb Code   116  ipc.o(.text)
    rt_sem_trytake                           0x080023f9   Thumb Code    14  ipc.o(.text)
    rt_sem_release                           0x08002407   Thumb Code    58  ipc.o(.text)
    rt_sem_control                           0x08002441   Thumb Code    54  ipc.o(.text)
    rt_event_init                            0x08002477   Thumb Code    32  ipc.o(.text)
    rt_event_detach                          0x08002497   Thumb Code    22  ipc.o(.text)
    rt_event_create                          0x080024ad   Thumb Code    38  ipc.o(.text)
    rt_event_delete                          0x080024d3   Thumb Code    22  ipc.o(.text)
    rt_event_send                            0x080024e9   Thumb Code   180  ipc.o(.text)
    rt_event_recv                            0x0800259d   Thumb Code   218  ipc.o(.text)
    rt_event_control                         0x08002677   Thumb Code    54  ipc.o(.text)
    rt_mq_init                               0x080026ad   Thumb Code   104  ipc.o(.text)
    rt_mq_detach                             0x08002715   Thumb Code    22  ipc.o(.text)
    rt_mq_delete                             0x0800272b   Thumb Code    28  ipc.o(.text)
    rt_mq_create                             0x08002747   Thumb Code   128  ipc.o(.text)
    rt_mq_send                               0x080027c7   Thumb Code   140  ipc.o(.text)
    rt_mq_urgent                             0x08002853   Thumb Code   132  ipc.o(.text)
    rt_mq_recv                               0x080028d7   Thumb Code   252  ipc.o(.text)
    rt_mq_control                            0x080029d3   Thumb Code    82  ipc.o(.text)
    rt_interrupt_enter                       0x08002a59   Thumb Code    26  irq.o(.text)
    rt_interrupt_leave                       0x08002a73   Thumb Code    26  irq.o(.text)
    rt_interrupt_get_nest                    0x08002a8d   Thumb Code     6  irq.o(.text)
    rt_get_errno                             0x08002a99   Thumb Code    32  kservice.o(.text)
    rt_set_errno                             0x08002ab9   Thumb Code    36  kservice.o(.text)
    _rt_errno                                0x08002add   Thumb Code    30  kservice.o(.text)
    rt_memset                                0x08002afb   Thumb Code    72  kservice.o(.text)
    rt_memcpy                                0x08002b43   Thumb Code   124  kservice.o(.text)
    rt_memmove                               0x08002bbf   Thumb Code    66  kservice.o(.text)
    rt_memcmp                                0x08002c01   Thumb Code    38  kservice.o(.text)
    rt_strlen                                0x08002c27   Thumb Code    18  kservice.o(.text)
    rt_strstr                                0x08002c39   Thumb Code    58  kservice.o(.text)
    rt_strcasecmp                            0x08002c73   Thumb Code    48  kservice.o(.text)
    rt_strncpy                               0x08002ca3   Thumb Code    52  kservice.o(.text)
    rt_strncmp                               0x08002cd7   Thumb Code    40  kservice.o(.text)
    rt_strcmp                                0x08002cff   Thumb Code    28  kservice.o(.text)
    rt_strnlen                               0x08002d1b   Thumb Code    24  kservice.o(.text)
    rt_strdup                                0x08002d33   Thumb Code    40  kservice.o(.text)
    rt_vsnprintf                             0x08002f13   Thumb Code   800  kservice.o(.text)
    rt_kprintf                               0x08003233   Thumb Code    44  kservice.o(.text)
    rt_show_version                          0x0800325f   Thumb Code    38  kservice.o(.text)
    rt_snprintf                              0x08003285   Thumb Code    38  kservice.o(.text)
    rt_vsprintf                              0x080032ab   Thumb Code    22  kservice.o(.text)
    rt_sprintf                               0x080032c1   Thumb Code    34  kservice.o(.text)
    rt_kputs                                 0x080032e3   Thumb Code    18  kservice.o(.text)
    rt_malloc_align                          0x080032f5   Thumb Code    66  kservice.o(.text)
    rt_free_align                            0x08003337   Thumb Code    16  kservice.o(.text)
    __rt_ffs                                 0x08003347   Thumb Code    70  kservice.o(.text)
    rt_system_heap_init                      0x08003491   Thumb Code   160  mem.o(.text)
    rt_malloc                                0x08003531   Thumb Code   336  mem.o(.text)
    rt_free                                  0x08003681   Thumb Code   128  mem.o(.text)
    rt_realloc                               0x08003701   Thumb Code   448  mem.o(.text)
    rt_calloc                                0x080038c1   Thumb Code    34  mem.o(.text)
    rt_memory_info                           0x080038e3   Thumb Code    26  mem.o(.text)
    rt_mp_init                               0x08003909   Thumb Code   116  mempool.o(.text)
    rt_mp_detach                             0x0800397d   Thumb Code    64  mempool.o(.text)
    rt_mp_create                             0x080039bd   Thumb Code   134  mempool.o(.text)
    rt_mp_delete                             0x08003a43   Thumb Code    70  mempool.o(.text)
    rt_mp_alloc                              0x08003a89   Thumb Code   202  mempool.o(.text)
    rt_mp_free                               0x08003b53   Thumb Code    78  mempool.o(.text)
    rt_system_object_init                    0x08003bd9   Thumb Code     2  object.o(.text)
    rt_object_get_information                0x08003bdb   Thumb Code    36  object.o(.text)
    rt_object_init                           0x08003bff   Thumb Code    60  object.o(.text)
    rt_object_detach                         0x08003c3b   Thumb Code    26  object.o(.text)
    rt_object_allocate                       0x08003c55   Thumb Code    74  object.o(.text)
    rt_object_delete                         0x08003c9f   Thumb Code    32  object.o(.text)
    rt_object_is_systemobject                0x08003cbf   Thumb Code    18  object.o(.text)
    rt_object_find                           0x08003cd1   Thumb Code    86  object.o(.text)
    rt_system_scheduler_init                 0x08003d2d   Thumb Code    52  scheduler.o(.text)
    rt_system_scheduler_start                0x08003d61   Thumb Code    36  scheduler.o(.text)
    rt_schedule                              0x08003d85   Thumb Code   118  scheduler.o(.text)
    rt_schedule_insert_thread                0x08003dfb   Thumb Code    72  scheduler.o(.text)
    rt_schedule_remove_thread                0x08003e43   Thumb Code    76  scheduler.o(.text)
    rt_enter_critical                        0x08003e8f   Thumb Code    28  scheduler.o(.text)
    rt_exit_critical                         0x08003eab   Thumb Code    54  scheduler.o(.text)
    rt_critical_level                        0x08003ee1   Thumb Code     8  scheduler.o(.text)
    rt_thread_exit                           0x08003f2d   Thumb Code    76  thread.o(.text)
    rt_thread_timeout                        0x08003f79   Thumb Code    32  thread.o(.text)
    rt_thread_init                           0x08004019   Thumb Code    52  thread.o(.text)
    rt_thread_self                           0x0800404d   Thumb Code     6  thread.o(.text)
    rt_thread_resume                         0x08004053   Thumb Code    60  thread.o(.text)
    rt_thread_startup                        0x0800408f   Thumb Code    44  thread.o(.text)
    rt_thread_detach                         0x080040bb   Thumb Code    70  thread.o(.text)
    rt_thread_create                         0x08004101   Thumb Code    80  thread.o(.text)
    rt_thread_delete                         0x08004151   Thumb Code    60  thread.o(.text)
    rt_thread_yield                          0x0800418d   Thumb Code    92  thread.o(.text)
    rt_thread_suspend                        0x080041e9   Thumb Code    68  thread.o(.text)
    rt_thread_sleep                          0x0800422d   Thumb Code    62  thread.o(.text)
    rt_thread_delay                          0x0800426b   Thumb Code    12  thread.o(.text)
    rt_thread_control                        0x08004277   Thumb Code   118  thread.o(.text)
    rt_thread_find                           0x080042ed   Thumb Code    94  thread.o(.text)
    rt_timer_init                            0x080043e7   Thumb Code    46  timer.o(.text)
    rt_timer_detach                          0x08004415   Thumb Code    32  timer.o(.text)
    rt_timer_create                          0x08004435   Thumb Code    54  timer.o(.text)
    rt_timer_delete                          0x0800446b   Thumb Code    32  timer.o(.text)
    rt_timer_start                           0x0800448b   Thumb Code   282  timer.o(.text)
    rt_timer_stop                            0x080045a5   Thumb Code    48  timer.o(.text)
    rt_timer_control                         0x080045d5   Thumb Code    56  timer.o(.text)
    rt_timer_check                           0x0800460d   Thumb Code   118  timer.o(.text)
    rt_timer_next_timeout_tick               0x08004683   Thumb Code    10  timer.o(.text)
    rt_soft_timer_check                      0x0800468d   Thumb Code   120  timer.o(.text)
    rt_system_timer_init                     0x08004743   Thumb Code    24  timer.o(.text)
    rt_system_timer_thread_init              0x0800475b   Thumb Code    58  timer.o(.text)
    rt_hw_interrupt_disable                  0x080047cd   Thumb Code     8  context_rvds.o(.text)
    rt_hw_interrupt_enable                   0x080047d5   Thumb Code     6  context_rvds.o(.text)
    rt_hw_context_switch                     0x080047db   Thumb Code    32  context_rvds.o(.text)
    rt_hw_context_switch_interrupt           0x080047db   Thumb Code     0  context_rvds.o(.text)
    PendSV_Handler                           0x080047fb   Thumb Code    60  context_rvds.o(.text)
    rt_hw_context_switch_to                  0x08004837   Thumb Code    58  context_rvds.o(.text)
    rt_hw_interrupt_thread_switch            0x08004871   Thumb Code     2  context_rvds.o(.text)
    HardFault_Handler                        0x08004873   Thumb Code    48  context_rvds.o(.text)
    rt_hw_stack_init                         0x080048bd   Thumb Code    70  cpuport.o(.text)
    rt_hw_exception_install                  0x08004903   Thumb Code     6  cpuport.o(.text)
    rt_hw_hard_fault_exception               0x08004909   Thumb Code   190  cpuport.o(.text)
    rt_hw_cpu_shutdown                       0x080049c7   Thumb Code    10  cpuport.o(.text)
    DectoStr                                 0x08004ca5   Thumb Code    54  main.o(.text)
    $Super$$main                             0x080051e9   Thumb Code  1580  main.o(.text)
    rt_heap_begin_get                        0x08005825   Thumb Code     4  board.o(.text)
    rt_heap_end_get                          0x08005829   Thumb Code     4  board.o(.text)
    rt_hw_board_init                         0x0800582d   Thumb Code   162  board.o(.text)
    SysTick_Handler                          0x080058cf   Thumb Code    16  board.o(.text)
    rt_hw_console_output                     0x080058df   Thumb Code    74  board.o(.text)
    LED_Init                                 0x08005945   Thumb Code    52  bsp_led.o(.text)
    USART_Config                             0x0800597d   Thumb Code   120  bsp_usart.o(.text)
    Usart_SendByte                           0x080059f5   Thumb Code    30  bsp_usart.o(.text)
    Usart_SendArray                          0x08005a13   Thumb Code    48  bsp_usart.o(.text)
    Usart_SendString                         0x08005a43   Thumb Code    42  bsp_usart.o(.text)
    Usart_SendHalfWord                       0x08005a6d   Thumb Code    60  bsp_usart.o(.text)
    fputc                                    0x08005aa9   Thumb Code    32  bsp_usart.o(.text)
    fgetc                                    0x08005ac9   Thumb Code    26  bsp_usart.o(.text)
    USART3_Config                            0x08005b15   Thumb Code   170  bsp_usart3.o(.text)
    USART3_IRQHandler                        0x08005bbf   Thumb Code    36  bsp_usart3.o(.text)
    Usart3_SendByte                          0x08005be3   Thumb Code    30  bsp_usart3.o(.text)
    uart3_send_char                          0x08005c01   Thumb Code    28  bsp_usart3.o(.text)
    uart3_send_buff                          0x08005c1d   Thumb Code    42  bsp_usart3.o(.text)
    Usart3_SendArray                         0x08005c47   Thumb Code    48  bsp_usart3.o(.text)
    Usart3_SendString                        0x08005c77   Thumb Code    42  bsp_usart3.o(.text)
    Usart3_SendHalfWord                      0x08005ca1   Thumb Code    60  bsp_usart3.o(.text)
    LCD_WR_REG                               0x08005ced   Thumb Code     6  bsp_lcd.o(.text)
    LCD_WR_DATA                              0x08005cf3   Thumb Code     8  bsp_lcd.o(.text)
    LCD_RD_DATA                              0x08005cfb   Thumb Code    16  bsp_lcd.o(.text)
    LCD_WriteReg                             0x08005d0b   Thumb Code    10  bsp_lcd.o(.text)
    LCD_ReadReg                              0x08005d15   Thumb Code    22  bsp_lcd.o(.text)
    LCD_WriteRAM_Prepare                     0x08005d2b   Thumb Code    10  bsp_lcd.o(.text)
    LCD_WriteRAM                             0x08005d35   Thumb Code     8  bsp_lcd.o(.text)
    LCD_BGR2RGB                              0x08005d3d   Thumb Code    26  bsp_lcd.o(.text)
    opt_delay                                0x08005d57   Thumb Code    14  bsp_lcd.o(.text)
    LCD_SetCursor                            0x08005d65   Thumb Code   418  bsp_lcd.o(.text)
    LCD_ReadPoint                            0x08005f07   Thumb Code   360  bsp_lcd.o(.text)
    LCD_DisplayOn                            0x0800606f   Thumb Code   102  bsp_lcd.o(.text)
    LCD_DisplayOff                           0x080060d5   Thumb Code    90  bsp_lcd.o(.text)
    LCD_Scan_Dir                             0x0800612f   Thumb Code   744  bsp_lcd.o(.text)
    LCD_DrawPoint                            0x08006417   Thumb Code    28  bsp_lcd.o(.text)
    LCD_Fast_DrawPoint                       0x08006433   Thumb Code   384  bsp_lcd.o(.text)
    LCD_SSD_BackLightSet                     0x080065b3   Thumb Code    80  bsp_lcd.o(.text)
    LCD_Display_Dir                          0x08006603   Thumb Code   444  bsp_lcd.o(.text)
    LCD_Set_Window                           0x080067bf   Thumb Code   540  bsp_lcd.o(.text)
    LCD_Clear                                0x080069db   Thumb Code   100  bsp_lcd.o(.text)
    LCD_Init                                 0x08006a3f   Thumb Code 14190  bsp_lcd.o(.text)
    LCD_Fill                                 0x0800a1ad   Thumb Code   178  bsp_lcd.o(.text)
    LCD_Color_Fill                           0x0800a25f   Thumb Code   106  bsp_lcd.o(.text)
    LCD_DrawLine                             0x0800a2c9   Thumb Code   176  bsp_lcd.o(.text)
    LCD_DrawRectangle                        0x0800a379   Thumb Code    60  bsp_lcd.o(.text)
    LCD_Draw_Circle                          0x0800a3b5   Thumb Code   152  bsp_lcd.o(.text)
    LCD_ShowChar                             0x0800a44d   Thumb Code   272  bsp_lcd.o(.text)
    LCD_Pow                                  0x0800a55d   Thumb Code    22  bsp_lcd.o(.text)
    LCD_ShowNum                              0x0800a573   Thumb Code   148  bsp_lcd.o(.text)
    LCD_ShowxNum                             0x0800a607   Thumb Code   220  bsp_lcd.o(.text)
    LCD_ShowString                           0x0800a6e3   Thumb Code   102  bsp_lcd.o(.text)
    my_LCD_Color_Fill                        0x0800a749   Thumb Code    90  bsp_lcd.o(.text)
    LCD_DrawPoint_red                        0x0800a7a3   Thumb Code    28  bsp_lcd.o(.text)
    LCD_DrawLine_red                         0x0800a7bf   Thumb Code   176  bsp_lcd.o(.text)
    delay_osschedlock                        0x0800a875   Thumb Code     8  delay.o(.text)
    delay_osschedunlock                      0x0800a87d   Thumb Code     8  delay.o(.text)
    delay_ostimedly                          0x0800a885   Thumb Code    12  delay.o(.text)
    delay_init                               0x0800a891   Thumb Code    76  delay.o(.text)
    delay_us                                 0x0800a8dd   Thumb Code    84  delay.o(.text)
    delay_ms                                 0x0800a931   Thumb Code    66  delay.o(.text)
    GPIO_MENU_Init                           0x0800a98d   Thumb Code    72  menu_key.o(.text)
    K_MENU_Init                              0x0800a9d5   Thumb Code   228  menu_key.o(.text)
    EXTI0_IRQHandler                         0x0800aab9   Thumb Code   192  menu_key.o(.text)
    EXTI4_IRQHandler                         0x0800ab79   Thumb Code   156  menu_key.o(.text)
    EXTI2_IRQHandler                         0x0800ac15   Thumb Code    86  menu_key.o(.text)
    EXTI3_IRQHandler                         0x0800ac6b   Thumb Code    86  menu_key.o(.text)
    DHT11_Rst                                0x0800ad25   Thumb Code    52  bsp_dht11.o(.text)
    DHT11_Check                              0x0800ad59   Thumb Code    96  bsp_dht11.o(.text)
    DHT11_Read_Bit                           0x0800adb9   Thumb Code    76  bsp_dht11.o(.text)
    DHT11_Read_Byte                          0x0800ae05   Thumb Code    30  bsp_dht11.o(.text)
    DHT11_Read_Data                          0x0800ae23   Thumb Code    88  bsp_dht11.o(.text)
    DHT11_Init                               0x0800ae7b   Thumb Code    58  bsp_dht11.o(.text)
    WFI_SET                                  0x0800aec1   Thumb Code     4  sys.o(.text)
    INTX_DISABLE                             0x0800aec5   Thumb Code     4  sys.o(.text)
    INTX_ENABLE                              0x0800aec9   Thumb Code     4  sys.o(.text)
    deal_key                                 0x0800aecd   Thumb Code    54  menu.o(.text)
    display_Mainlist                         0x0800af03   Thumb Code   104  menu.o(.text)
    humtem_infor_display                     0x0800af6b   Thumb Code   100  menu.o(.text)
    show_tem_lcdwave                         0x0800afcf   Thumb Code   260  menu.o(.text)
    lcd_showwave                             0x0800b0d3   Thumb Code    30  menu.o(.text)
    samp_set_display                         0x0800b0f1   Thumb Code   120  menu.o(.text)
    hum_set_display                          0x0800b169   Thumb Code   114  menu.o(.text)
    tem_set_display                          0x0800b1db   Thumb Code   114  menu.o(.text)
    key_choice_handle                        0x0800b24d   Thumb Code   912  menu.o(.text)
    SD_SetDeviceMode                         0x0800b60d   Thumb Code    20  sdio_sdcard.o(.text)
    SDIO_Clock_Set                           0x0800b621   Thumb Code    16  sdio_sdcard.o(.text)
    CmdResp1Error                            0x0800b631   Thumb Code    90  sdio_sdcard.o(.text)
    FindSCR                                  0x0800b68b   Thumb Code   386  sdio_sdcard.o(.text)
    SDEnWideBus                              0x0800b80d   Thumb Code   158  sdio_sdcard.o(.text)
    SD_EnableWideBusOperation                0x0800b8ab   Thumb Code    94  sdio_sdcard.o(.text)
    SD_SelectDeselect                        0x0800b909   Thumb Code    42  sdio_sdcard.o(.text)
    SD_GetCardInfo                           0x0800b933   Thumb Code   802  sdio_sdcard.o(.text)
    CmdResp2Error                            0x0800bc55   Thumb Code    80  sdio_sdcard.o(.text)
    CmdResp6Error                            0x0800bca5   Thumb Code   140  sdio_sdcard.o(.text)
    SD_InitializeCards                       0x0800bd31   Thumb Code   336  sdio_sdcard.o(.text)
    CmdResp3Error                            0x0800be81   Thumb Code    50  sdio_sdcard.o(.text)
    CmdResp7Error                            0x0800beb3   Thumb Code    70  sdio_sdcard.o(.text)
    CmdError                                 0x0800bef9   Thumb Code    48  sdio_sdcard.o(.text)
    SD_PowerON                               0x0800bf29   Thumb Code   450  sdio_sdcard.o(.text)
    SD_Init                                  0x0800c0eb   Thumb Code   238  sdio_sdcard.o(.text)
    SD_PowerOFF                              0x0800c1d9   Thumb Code    12  sdio_sdcard.o(.text)
    SD_DMA_Config                            0x0800c1e5   Thumb Code   146  sdio_sdcard.o(.text)
    convert_from_bytes_to_power_of_two       0x0800c277   Thumb Code    18  sdio_sdcard.o(.text)
    SD_ReadBlock                             0x0800c289   Thumb Code   560  sdio_sdcard.o(.text)
    SD_ReadMultiBlocks                       0x0800c4b9   Thumb Code   742  sdio_sdcard.o(.text)
    IsCardProgramming                        0x0800c79f   Thumb Code   142  sdio_sdcard.o(.text)
    SD_WriteBlock                            0x0800c82d   Thumb Code   888  sdio_sdcard.o(.text)
    SD_WriteMultiBlocks                      0x0800cba5   Thumb Code   962  sdio_sdcard.o(.text)
    SD_ProcessIRQSrc                         0x0800cf67   Thumb Code   294  sdio_sdcard.o(.text)
    SDIO_IRQHandler                          0x0800d08d   Thumb Code     8  sdio_sdcard.o(.text)
    SD_SendStatus                            0x0800d095   Thumb Code    72  sdio_sdcard.o(.text)
    SD_GetState                              0x0800d0dd   Thumb Code    26  sdio_sdcard.o(.text)
    SD_ReadDisk                              0x0800d0f7   Thumb Code   148  sdio_sdcard.o(.text)
    SD_WriteDisk                             0x0800d18b   Thumb Code   148  sdio_sdcard.o(.text)
    W25QXX_ReadID                            0x0800d23d   Thumb Code    64  w25qxx.o(.text)
    W25QXX_Init                              0x0800d27d   Thumb Code    74  w25qxx.o(.text)
    W25QXX_ReadSR                            0x0800d2c7   Thumb Code    36  w25qxx.o(.text)
    W25QXX_Write_SR                          0x0800d2eb   Thumb Code    32  w25qxx.o(.text)
    W25QXX_Write_Enable                      0x0800d30b   Thumb Code    24  w25qxx.o(.text)
    W25QXX_Write_Disable                     0x0800d323   Thumb Code    24  w25qxx.o(.text)
    W25QXX_Read                              0x0800d33b   Thumb Code    74  w25qxx.o(.text)
    W25QXX_Wait_Busy                         0x0800d385   Thumb Code    18  w25qxx.o(.text)
    W25QXX_Write_Page                        0x0800d397   Thumb Code    80  w25qxx.o(.text)
    W25QXX_Write_NoCheck                     0x0800d3e7   Thumb Code    70  w25qxx.o(.text)
    W25QXX_Erase_Sector                      0x0800d42d   Thumb Code    62  w25qxx.o(.text)
    W25QXX_Write                             0x0800d46b   Thumb Code   180  w25qxx.o(.text)
    W25QXX_Erase_Chip                        0x0800d51f   Thumb Code    36  w25qxx.o(.text)
    W25QXX_PowerDown                         0x0800d543   Thumb Code    30  w25qxx.o(.text)
    W25QXX_WAKEUP                            0x0800d561   Thumb Code    30  w25qxx.o(.text)
    SPI2_ReadWriteByte                       0x0800d595   Thumb Code    78  spi.o(.text)
    SPI2_Init                                0x0800d5e3   Thumb Code   140  spi.o(.text)
    SPI2_SetSpeed                            0x0800d66f   Thumb Code    36  spi.o(.text)
    RTC_Get_Week                             0x0800d6bd   Thumb Code   116  rtc.o(.text)
    Is_Leap_Year                             0x0800d731   Thumb Code    58  rtc.o(.text)
    RTC_Get                                  0x0800d76b   Thumb Code   240  rtc.o(.text)
    RTC_Set                                  0x0800d85b   Thumb Code   184  rtc.o(.text)
    RTC_Init                                 0x0800d913   Thumb Code   190  rtc.o(.text)
    RTC_IRQHandler                           0x0800d9d1   Thumb Code    44  rtc.o(.text)
    RTC_Alarm_Set                            0x0800d9fd   Thumb Code   184  rtc.o(.text)
    USART2_Config                            0x0800daf9   Thumb Code   166  bsp_usart2.o(.text)
    USART2_IRQHandler                        0x0800db9f   Thumb Code    38  bsp_usart2.o(.text)
    u2_printf                                0x0800dbc5   Thumb Code    72  bsp_usart2.o(.text)
    disk_status                              0x0800dc21   Thumb Code     6  diskio.o(.text)
    disk_initialize                          0x0800dc27   Thumb Code    52  diskio.o(.text)
    disk_read                                0x0800dc5b   Thumb Code   122  diskio.o(.text)
    disk_write                               0x0800dcd5   Thumb Code   122  diskio.o(.text)
    disk_ioctl                               0x0800dd4f   Thumb Code   170  diskio.o(.text)
    get_fattime                              0x0800ddf9   Thumb Code     4  diskio.o(.text)
    ff_memalloc                              0x0800ddfd   Thumb Code    14  diskio.o(.text)
    ff_memfree                               0x0800de0b   Thumb Code    14  diskio.o(.text)
    clust2sect                               0x0800dfd7   Thumb Code    26  ff.o(.text)
    get_fat                                  0x0800dff1   Thumb Code   242  ff.o(.text)
    put_fat                                  0x0800e0e3   Thumb Code   322  ff.o(.text)
    dir_sdi                                  0x0800e399   Thumb Code   158  ff.o(.text)
    f_mount                                  0x0800f423   Thumb Code    86  ff.o(.text)
    f_open                                   0x0800f479   Thumb Code   384  ff.o(.text)
    f_read                                   0x0800f5f9   Thumb Code   450  ff.o(.text)
    f_write                                  0x0800f7bb   Thumb Code   490  ff.o(.text)
    f_sync                                   0x0800f9a5   Thumb Code   176  ff.o(.text)
    f_close                                  0x0800fa55   Thumb Code    32  ff.o(.text)
    f_lseek                                  0x0800fa75   Thumb Code   684  ff.o(.text)
    f_opendir                                0x0800fd21   Thumb Code   136  ff.o(.text)
    f_closedir                               0x0800fda9   Thumb Code    22  ff.o(.text)
    f_readdir                                0x0800fdbf   Thumb Code   114  ff.o(.text)
    f_stat                                   0x0800fe31   Thumb Code    84  ff.o(.text)
    f_getfree                                0x0800fe85   Thumb Code   258  ff.o(.text)
    f_truncate                               0x0800ff87   Thumb Code   184  ff.o(.text)
    f_unlink                                 0x0801003f   Thumb Code   190  ff.o(.text)
    f_mkdir                                  0x080100fd   Thumb Code   380  ff.o(.text)
    f_chmod                                  0x08010279   Thumb Code   112  ff.o(.text)
    f_rename                                 0x080102e9   Thumb Code   290  ff.o(.text)
    f_utime                                  0x0801040b   Thumb Code   110  ff.o(.text)
    f_getlabel                               0x08010479   Thumb Code   190  ff.o(.text)
    f_setlabel                               0x08010537   Thumb Code   482  ff.o(.text)
    f_mkfs                                   0x08010719   Thumb Code  1578  ff.o(.text)
    f_gets                                   0x08010d43   Thumb Code    82  ff.o(.text)
    f_putc                                   0x08010dd9   Thumb Code    64  ff.o(.text)
    f_puts                                   0x08010e19   Thumb Code    74  ff.o(.text)
    f_printf                                 0x08010e63   Thumb Code   674  ff.o(.text)
    ff_convert                               0x08011105   Thumb Code   116  cc936.o(.text)
    ff_wtoupper                              0x08011179   Thumb Code    46  cc936.o(.text)
    mymemcpy                                 0x080111b9   Thumb Code    26  malloc.o(.text)
    mymemset                                 0x080111d3   Thumb Code    20  malloc.o(.text)
    my_mem_init                              0x080111e7   Thumb Code    54  malloc.o(.text)
    my_mem_perused                           0x0801121d   Thumb Code    54  malloc.o(.text)
    my_mem_malloc                            0x08011253   Thumb Code   154  malloc.o(.text)
    my_mem_free                              0x080112ed   Thumb Code    94  malloc.o(.text)
    myfree                                   0x0801134b   Thumb Code    32  malloc.o(.text)
    mymalloc                                 0x0801136b   Thumb Code    36  malloc.o(.text)
    myrealloc                                0x0801138f   Thumb Code    68  malloc.o(.text)
    __aeabi_ldivmod                          0x080113e5   Thumb Code    98  ldiv.o(.text)
    __aeabi_memcpy                           0x08011447   Thumb Code    36  memcpya.o(.text)
    __aeabi_memcpy4                          0x08011447   Thumb Code     0  memcpya.o(.text)
    __aeabi_memcpy8                          0x08011447   Thumb Code     0  memcpya.o(.text)
    strcat                                   0x0801146b   Thumb Code    24  strcat.o(.text)
    strlen                                   0x08011483   Thumb Code    14  strlen.o(.text)
    strcpy                                   0x08011491   Thumb Code    18  strcpy.o(.text)
    __aeabi_dmul                             0x080114a3   Thumb Code   228  dmul.o(.text)
    __aeabi_ui2d                             0x08011587   Thumb Code    26  dfltui.o(.text)
    __aeabi_d2uiz                            0x080115a1   Thumb Code    50  dfixui.o(.text)
    __aeabi_uidiv                            0x080115d3   Thumb Code     0  uidiv.o(.text)
    __aeabi_uidivmod                         0x080115d3   Thumb Code    44  uidiv.o(.text)
    __aeabi_uldivmod                         0x080115ff   Thumb Code    98  uldiv.o(.text)
    __aeabi_llsr                             0x08011661   Thumb Code    32  llushr.o(.text)
    _ll_ushift_r                             0x08011661   Thumb Code     0  llushr.o(.text)
    __I$use$fp                               0x08011681   Thumb Code     0  iusefp.o(.text)
    _double_round                            0x08011681   Thumb Code    30  depilogue.o(.text)
    _double_epilogue                         0x0801169f   Thumb Code   156  depilogue.o(.text)
    __aeabi_dadd                             0x0801173b   Thumb Code   322  dadd.o(.text)
    __aeabi_dsub                             0x0801187d   Thumb Code     6  dadd.o(.text)
    __aeabi_drsub                            0x08011883   Thumb Code     6  dadd.o(.text)
    __aeabi_ddiv                             0x08011889   Thumb Code   222  ddiv.o(.text)
    __aeabi_d2ulz                            0x08011967   Thumb Code    48  dfixul.o(.text)
    __aeabi_cdrcmple                         0x08011999   Thumb Code    48  cdrcmple.o(.text)
    __scatterload                            0x080119c9   Thumb Code    28  init.o(.text)
    __scatterload_rt2                        0x080119c9   Thumb Code     0  init.o(.text)
    __aeabi_llsl                             0x080119ed   Thumb Code    30  llshl.o(.text)
    _ll_shift_l                              0x080119ed   Thumb Code     0  llshl.o(.text)
    __aeabi_lasr                             0x08011a0b   Thumb Code    36  llsshr.o(.text)
    _ll_sshift_r                             0x08011a0b   Thumb Code     0  llsshr.o(.text)
    __decompress                             0x08011a2f   Thumb Code     0  __dczerorl2.o(.text)
    __decompress1                            0x08011a2f   Thumb Code    86  __dczerorl2.o(.text)
    __0printf                                0x08011a85   Thumb Code    22  printfa.o(i.__0printf)
    __1printf                                0x08011a85   Thumb Code     0  printfa.o(i.__0printf)
    __2printf                                0x08011a85   Thumb Code     0  printfa.o(i.__0printf)
    __c89printf                              0x08011a85   Thumb Code     0  printfa.o(i.__0printf)
    printf                                   0x08011a85   Thumb Code     0  printfa.o(i.__0printf)
    __0sprintf                               0x08011aa5   Thumb Code    34  printfa.o(i.__0sprintf)
    __1sprintf                               0x08011aa5   Thumb Code     0  printfa.o(i.__0sprintf)
    __2sprintf                               0x08011aa5   Thumb Code     0  printfa.o(i.__0sprintf)
    __c89sprintf                             0x08011aa5   Thumb Code     0  printfa.o(i.__0sprintf)
    sprintf                                  0x08011aa5   Thumb Code     0  printfa.o(i.__0sprintf)
    __0vsprintf                              0x08011acd   Thumb Code    30  printfa.o(i.__0vsprintf)
    __1vsprintf                              0x08011acd   Thumb Code     0  printfa.o(i.__0vsprintf)
    __2vsprintf                              0x08011acd   Thumb Code     0  printfa.o(i.__0vsprintf)
    __c89vsprintf                            0x08011acd   Thumb Code     0  printfa.o(i.__0vsprintf)
    vsprintf                                 0x08011acd   Thumb Code     0  printfa.o(i.__0vsprintf)
    __scatterload_copy                       0x08011af1   Thumb Code    14  handlers.o(i.__scatterload_copy)
    __scatterload_null                       0x08011aff   Thumb Code     2  handlers.o(i.__scatterload_null)
    __scatterload_zeroinit                   0x08011b01   Thumb Code    14  handlers.o(i.__scatterload_zeroinit)
    __lowest_bit_bitmap                      0x080123cc   Data         256  kservice.o(.constdata)
    asc2_1206                                0x080124ee   Data        1140  bsp_lcd.o(.constdata)
    asc2_1608                                0x08012962   Data        1520  bsp_lcd.o(.constdata)
    asc2_2412                                0x08012f52   Data        3420  bsp_lcd.o(.constdata)
    table_week                               0x08013cae   Data          12  rtc.o(.constdata)
    mon_table                                0x08013cba   Data          12  rtc.o(.constdata)
    memtblsize                               0x0803e9c8   Data           8  malloc.o(.constdata)
    memblksize                               0x0803e9d0   Data           8  malloc.o(.constdata)
    memsize                                  0x0803e9d8   Data           8  malloc.o(.constdata)
    __rt_init_rti_start                      0x0803e9e0   Data           4  components.o(.rti_fn.0)
    __rt_init_rti_board_start                0x0803e9e4   Data           4  components.o(.rti_fn.0.end)
    __rt_init_rti_board_end                  0x0803e9e8   Data           4  components.o(.rti_fn.1.end)
    __rt_init_rti_end                        0x0803e9ec   Data           4  components.o(.rti_fn.6.end)
    Region$$Table$$Base                      0x0803e9f0   Number         0  anon$$obj.o(Region$$Table)
    Region$$Table$$Limit                     0x0803ea10   Number         0  anon$$obj.o(Region$$Table)
    SystemCoreClock                          0x20000000   Data           4  system_stm32f10x.o(.data)
    AHBPrescTable                            0x20000004   Data          16  system_stm32f10x.o(.data)
    rt_interrupt_nest                        0x2000002c   Data           1  irq.o(.data)
    rt_current_thread                        0x200000b0   Data           4  scheduler.o(.data)
    rt_current_priority                      0x200000b4   Data           1  scheduler.o(.data)
    rt_thread_ready_priority_group           0x200000b8   Data           4  scheduler.o(.data)
    rt_thread_defunct                        0x200000bc   Data           8  scheduler.o(.data)
    rt_interrupt_from_thread                 0x200000d8   Data           4  cpuport.o(.data)
    rt_interrupt_to_thread                   0x200000dc   Data           4  cpuport.o(.data)
    rt_thread_switch_interrupt_flag          0x200000e0   Data           4  cpuport.o(.data)
    samp_freq                                0x200000e8   Data           2  main.o(.data)
    tem                                      0x200000ea   Data           1  main.o(.data)
    hum                                      0x200000eb   Data           1  main.o(.data)
    tem_flag                                 0x200000ec   Data           1  main.o(.data)
    hum_flag                                 0x200000ed   Data           1  main.o(.data)
    index                                    0x200000ee   Data           1  main.o(.data)
    i                                        0x200000f0   Data           4  main.o(.data)
    t                                        0x200000f4   Data           1  main.o(.data)
    fr                                       0x200000f5   Data           1  main.o(.data)
    brs                                      0x200000f8   Data           4  main.o(.data)
    DH11_timer                               0x200000fc   Data           4  main.o(.data)
    mem_slice                                0x2000010c   Data           1  main.o(.data)
    test_sem3                                0x2000011c   Data           4  bsp_usart3.o(.data)
    Res                                      0x20000120   Data           1  bsp_usart3.o(.data)
    USART_RX_STA                             0x20000122   Data           2  bsp_usart3.o(.data)
    POINT_COLOR                              0x20000124   Data           2  bsp_lcd.o(.data)
    BACK_COLOR                               0x20000126   Data           2  bsp_lcd.o(.data)
    OSRunning                                0x2000012c   Data           1  delay.o(.data)
    choice                                   0x20000130   Data           1  menu_key.o(.data)
    c_state                                  0x20000131   Data           1  menu_key.o(.data)
    adjust                                   0x20000134   Data           4  menu_key.o(.data)
    result3                                  0x20000138   Data           4  menu_key.o(.data)
    timerset                                 0x2000013c   Data           1  menu.o(.data)
    change_tem                               0x2000013d   Data           1  menu.o(.data)
    change_freq                              0x2000013e   Data           1  menu.o(.data)
    change_hum                               0x2000013f   Data           1  menu.o(.data)
    humset                                   0x20000140   Data           1  menu.o(.data)
    temset                                   0x20000141   Data           1  menu.o(.data)
    samp_set                                 0x20000142   Data           2  menu.o(.data)
    TransferError                            0x2000014e   Data           1  sdio_sdcard.o(.data)
    TransferEnd                              0x2000014f   Data           1  sdio_sdcard.o(.data)
    tempbuff                                 0x20000150   Data           4  sdio_sdcard.o(.data)
    W25QXX_TYPE                              0x20000154   Data           2  w25qxx.o(.data)
    USART2_RX_STA                            0x20000158   Data           2  bsp_usart2.o(.data)
    FLASH_SECTOR_COUNT                       0x2000015a   Data           2  diskio.o(.data)
    mallco_dev                               0x20000168   Data          28  malloc.o(.data)
    __stdout                                 0x20000184   Data           4  stdout.o(.data)
    rt_thread_priority_table                 0x200003a8   Data          64  scheduler.o(.bss)
    fatsd                                    0x20000668   Data         560  main.o(.bss)
    fatflash                                 0x20000898   Data         560  main.o(.bss)
    fileobj                                  0x20000ac8   Data         552  main.o(.bss)
    mq_tem_memlcd                            0x20001558   Data          52  main.o(.bss)
    DHT11_data_event                         0x2000168c   Data          32  main.o(.bss)
    memlcd_data_event                        0x200016ac   Data          32  main.o(.bss)
    memlcd2_data_event                       0x200016cc   Data          32  main.o(.bss)
    changesamp_event                         0x200016ec   Data          32  main.o(.bss)
    senddata_event                           0x2000170c   Data          32  main.o(.bss)
    lcd_draw_tem                             0x2000172c   Data          48  main.o(.bss)
    lcd_drawn_hum                            0x2000175c   Data          48  main.o(.bss)
    ptr                                      0x2000178c   Data         192  main.o(.bss)
    ptr2                                     0x2000184c   Data         192  main.o(.bss)
    lcddev                                   0x2000317c   Data          14  bsp_lcd.o(.bss)
    SDIO_InitStructure                       0x20003190   Data          24  sdio_sdcard.o(.bss)
    SDIO_CmdInitStructure                    0x200031a8   Data          20  sdio_sdcard.o(.bss)
    SDIO_DataInitStructure                   0x200031bc   Data          24  sdio_sdcard.o(.bss)
    SDCardInfo                               0x200031f8   Data          88  sdio_sdcard.o(.bss)
    SDIO_DATA_BUFFER                         0x20003250   Data         512  sdio_sdcard.o(.bss)
    W25QXX_BUFFER                            0x20003450   Data        4096  w25qxx.o(.bss)
    calendar                                 0x20004450   Data          10  rtc.o(.bss)
    USART2_RX_BUF                            0x2000445a   Data         600  bsp_usart2.o(.bss)
    USART2_TX_BUF                            0x200046b2   Data         600  bsp_usart2.o(.bss)
    mem1base                                 0x20004920   Data        1024  malloc.o(.bss)
    mem1mapbase                              0x20004d20   Data          64  malloc.o(.bss)
    __initial_sp                             0x20005160   Data           0  startup_stm32f10x_hd.o(STACK)
    mem2base                                 0x68000000   Data        1024  malloc.o(.ARM.__AT_0x68000000)
    mem2mapbase                              0x68000400   Data          64  malloc.o(.ARM.__AT_0x68000400)



==============================================================================

Memory Map of the image

  Image Entry point : 0x08000131

  Load Region LR_IROM1 (Base: 0x08000000, Size: 0x0003eb98, Max: 0x00080000, ABSOLUTE, COMPRESSED[0x0003ea8c])

    Execution Region ER_IROM1 (Base: 0x08000000, Size: 0x0003ea10, Max: 0x00080000, ABSOLUTE)

    Base Addr    Size         Type   Attr      Idx    E Section Name        Object

    0x08000000   0x00000130   Data   RO            3    RESET               startup_stm32f10x_hd.o
    0x08000130   0x00000000   Code   RO         1200  * .ARM.Collect$$$$00000000  mc_w.l(entry.o)
    0x08000130   0x00000004   Code   RO         1484    .ARM.Collect$$$$00000001  mc_w.l(entry2.o)
    0x08000134   0x00000004   Code   RO         1487    .ARM.Collect$$$$00000004  mc_w.l(entry5.o)
    0x08000138   0x00000000   Code   RO         1489    .ARM.Collect$$$$00000008  mc_w.l(entry7b.o)
    0x08000138   0x00000000   Code   RO         1491    .ARM.Collect$$$$0000000A  mc_w.l(entry8b.o)
    0x08000138   0x00000008   Code   RO         1492    .ARM.Collect$$$$0000000B  mc_w.l(entry9a.o)
    0x08000140   0x00000000   Code   RO         1494    .ARM.Collect$$$$0000000D  mc_w.l(entry10a.o)
    0x08000140   0x00000000   Code   RO         1496    .ARM.Collect$$$$0000000F  mc_w.l(entry11a.o)
    0x08000140   0x00000004   Code   RO         1485    .ARM.Collect$$$$00002712  mc_w.l(entry2.o)
    0x08000144   0x00000024   Code   RO            4    .text               startup_stm32f10x_hd.o
    0x08000168   0x000001e0   Code   RO           24    .text               system_stm32f10x.o
    0x08000348   0x000000dc   Code   RO          106    .text               misc.o
    0x08000424   0x000000c4   Code   RO          134    .text               stm32f10x_bkp.o
    0x080004e8   0x00000254   Code   RO          221    .text               stm32f10x_dma.o
    0x0800073c   0x0000011c   Code   RO          233    .text               stm32f10x_exti.o
    0x08000858   0x0000060c   Code   RO          257    .text               stm32f10x_fsmc.o
    0x08000e64   0x0000035c   Code   RO          269    .text               stm32f10x_gpio.o
    0x080011c0   0x000000cc   Code   RO          305    .text               stm32f10x_pwr.o
    0x0800128c   0x000003a4   Code   RO          317    .text               stm32f10x_rcc.o
    0x08001630   0x00000148   Code   RO          331    .text               stm32f10x_rtc.o
    0x08001778   0x000001d4   Code   RO          343    .text               stm32f10x_sdio.o
    0x0800194c   0x0000030c   Code   RO          355    .text               stm32f10x_spi.o
    0x08001c58   0x00000408   Code   RO          379    .text               stm32f10x_usart.o
    0x08002060   0x0000006c   Code   RO          403    .text               clock.o
    0x080020cc   0x000000b4   Code   RO          471    .text               components.o
    0x08002180   0x000000dc   Code   RO          495    .text               idle.o
    0x0800225c   0x000007fc   Code   RO          513    .text               ipc.o
    0x08002a58   0x00000040   Code   RO          528    .text               irq.o
    0x08002a98   0x0000098c   Code   RO          543    .text               kservice.o
    0x08003424   0x000004e4   Code   RO          560    .text               mem.o
    0x08003908   0x000002ae   Code   RO          581    .text               mempool.o
    0x08003bb6   0x00000002   PAD
    0x08003bb8   0x00000174   Code   RO          596    .text               object.o
    0x08003d2c   0x000001e0   Code   RO          613    .text               scheduler.o
    0x08003f0c   0x0000043e   Code   RO          648    .text               thread.o
    0x0800434a   0x00000002   PAD
    0x0800434c   0x00000480   Code   RO          664    .text               timer.o
    0x080047cc   0x000000f0   Code   RO          682    .text               context_rvds.o
    0x080048bc   0x00000268   Code   RO          686    .text               cpuport.o
    0x08004b24   0x00000d00   Code   RO          701    .text               main.o
    0x08005824   0x00000120   Code   RO          800    .text               board.o
    0x08005944   0x00000038   Code   RO          832    .text               bsp_led.o
    0x0800597c   0x00000170   Code   RO          844    .text               bsp_usart.o
    0x08005aec   0x00000200   Code   RO          856    .text               bsp_usart3.o
    0x08005cec   0x00004b88   Code   RO          876    .text               bsp_lcd.o
    0x0800a874   0x00000118   Code   RO          906    .text               delay.o
    0x0800a98c   0x00000398   Code   RO          922    .text               menu_key.o
    0x0800ad24   0x0000019c   Code   RO          944    .text               bsp_dht11.o
    0x0800aec0   0x0000000c   Code   RO          957    .text               sys.o
    0x0800aecc   0x00000740   Code   RO          972    .text               menu.o
    0x0800b60c   0x00001c30   Code   RO         1002    .text               sdio_sdcard.o
    0x0800d23c   0x00000358   Code   RO         1021    .text               w25qxx.o
    0x0800d594   0x00000108   Code   RO         1043    .text               spi.o
    0x0800d69c   0x00000434   Code   RO         1055    .text               rtc.o
    0x0800dad0   0x00000150   Code   RO         1075    .text               bsp_usart2.o
    0x0800dc20   0x00000200   Code   RO         1094    .text               diskio.o
    0x0800de20   0x000032e4   Code   RO         1116    .text               ff.o
    0x08011104   0x000000b4   Code   RO         1134    .text               cc936.o
    0x080111b8   0x0000022c   Code   RO         1178    .text               malloc.o
    0x080113e4   0x00000062   Code   RO         1203    .text               mc_w.l(ldiv.o)
    0x08011446   0x00000024   Code   RO         1205    .text               mc_w.l(memcpya.o)
    0x0801146a   0x00000018   Code   RO         1207    .text               mc_w.l(strcat.o)
    0x08011482   0x0000000e   Code   RO         1209    .text               mc_w.l(strlen.o)
    0x08011490   0x00000012   Code   RO         1213    .text               mc_w.l(strcpy.o)
    0x080114a2   0x000000e4   Code   RO         1478    .text               mf_w.l(dmul.o)
    0x08011586   0x0000001a   Code   RO         1480    .text               mf_w.l(dfltui.o)
    0x080115a0   0x00000032   Code   RO         1482    .text               mf_w.l(dfixui.o)
    0x080115d2   0x0000002c   Code   RO         1499    .text               mc_w.l(uidiv.o)
    0x080115fe   0x00000062   Code   RO         1501    .text               mc_w.l(uldiv.o)
    0x08011660   0x00000020   Code   RO         1503    .text               mc_w.l(llushr.o)
    0x08011680   0x00000000   Code   RO         1505    .text               mc_w.l(iusefp.o)
    0x08011680   0x000000ba   Code   RO         1506    .text               mf_w.l(depilogue.o)
    0x0801173a   0x0000014e   Code   RO         1508    .text               mf_w.l(dadd.o)
    0x08011888   0x000000de   Code   RO         1510    .text               mf_w.l(ddiv.o)
    0x08011966   0x00000030   Code   RO         1512    .text               mf_w.l(dfixul.o)
    0x08011996   0x00000002   PAD
    0x08011998   0x00000030   Code   RO         1514    .text               mf_w.l(cdrcmple.o)
    0x080119c8   0x00000024   Code   RO         1516    .text               mc_w.l(init.o)
    0x080119ec   0x0000001e   Code   RO         1518    .text               mc_w.l(llshl.o)
    0x08011a0a   0x00000024   Code   RO         1520    .text               mc_w.l(llsshr.o)
    0x08011a2e   0x00000056   Code   RO         1530    .text               mc_w.l(__dczerorl2.o)
    0x08011a84   0x00000020   Code   RO         1450    i.__0printf         mc_w.l(printfa.o)
    0x08011aa4   0x00000028   Code   RO         1452    i.__0sprintf        mc_w.l(printfa.o)
    0x08011acc   0x00000024   Code   RO         1456    i.__0vsprintf       mc_w.l(printfa.o)
    0x08011af0   0x0000000e   Code   RO         1524    i.__scatterload_copy  mc_w.l(handlers.o)
    0x08011afe   0x00000002   Code   RO         1525    i.__scatterload_null  mc_w.l(handlers.o)
    0x08011b00   0x0000000e   Code   RO         1526    i.__scatterload_zeroinit  mc_w.l(handlers.o)
    0x08011b0e   0x00000002   PAD
    0x08011b10   0x00000184   Code   RO         1457    i._fp_digits        mc_w.l(printfa.o)
    0x08011c94   0x000006dc   Code   RO         1458    i._printf_core      mc_w.l(printfa.o)
    0x08012370   0x00000024   Code   RO         1459    i._printf_post_padding  mc_w.l(printfa.o)
    0x08012394   0x0000002e   Code   RO         1460    i._printf_pre_padding  mc_w.l(printfa.o)
    0x080123c2   0x0000000a   Code   RO         1462    i._sputc            mc_w.l(printfa.o)
    0x080123cc   0x00000122   Data   RO          545    .constdata          kservice.o
    0x080124ee   0x000017c0   Data   RO          878    .constdata          bsp_lcd.o
    0x08013cae   0x00000018   Data   RO         1057    .constdata          rtc.o
    0x08013cc6   0x0000003a   Data   RO         1117    .constdata          ff.o
    0x08013d00   0x0002acc8   Data   RO         1135    .constdata          cc936.o
    0x0803e9c8   0x00000018   Data   RO         1182    .constdata          malloc.o
    0x0803e9e0   0x00000004   Data   RO          472    .rti_fn.0           components.o
    0x0803e9e4   0x00000004   Data   RO          473    .rti_fn.0.end       components.o
    0x0803e9e8   0x00000004   Data   RO          474    .rti_fn.1.end       components.o
    0x0803e9ec   0x00000004   Data   RO          475    .rti_fn.6.end       components.o
    0x0803e9f0   0x00000020   Data   RO         1522    Region$$Table       anon$$obj.o


    Execution Region RW_IRAM1 (Base: 0x20000000, Size: 0x00005160, Max: 0x00010000, ABSOLUTE, COMPRESSED[0x0000007c])

    Base Addr    Size         Type   Attr      Idx    E Section Name        Object

    0x20000000   0x00000014   Data   RW           25    .data               system_stm32f10x.o
    0x20000014   0x00000014   Data   RW          318    .data               stm32f10x_rcc.o
    0x20000028   0x00000004   Data   RW          404    .data               clock.o
    0x2000002c   0x00000001   Data   RW          529    .data               irq.o
    0x2000002d   0x00000003   PAD
    0x20000030   0x00000004   Data   RW          546    .data               kservice.o
    0x20000034   0x00000018   Data   RW          562    .data               mem.o
    0x2000004c   0x00000060   Data   RW          597    .data               object.o
    0x200000ac   0x00000018   Data   RW          615    .data               scheduler.o
    0x200000c4   0x00000014   Data   RW          666    .data               timer.o
    0x200000d8   0x00000010   Data   RW          687    .data               cpuport.o
    0x200000e8   0x00000034   Data   RW          703    .data               main.o
    0x2000011c   0x00000008   Data   RW          858    .data               bsp_usart3.o
    0x20000124   0x00000004   Data   RW          879    .data               bsp_lcd.o
    0x20000128   0x00000005   Data   RW          907    .data               delay.o
    0x2000012d   0x00000003   PAD
    0x20000130   0x0000000c   Data   RW          923    .data               menu_key.o
    0x2000013c   0x00000008   Data   RW          973    .data               menu.o
    0x20000144   0x00000010   Data   RW         1004    .data               sdio_sdcard.o
    0x20000154   0x00000002   Data   RW         1023    .data               w25qxx.o
    0x20000156   0x00000002   Data   RW         1058    .data               rtc.o
    0x20000158   0x00000002   Data   RW         1077    .data               bsp_usart2.o
    0x2000015a   0x00000002   Data   RW         1095    .data               diskio.o
    0x2000015c   0x0000000a   Data   RW         1118    .data               ff.o
    0x20000166   0x00000002   PAD
    0x20000168   0x0000001c   Data   RW         1183    .data               malloc.o
    0x20000184   0x00000004   Data   RW         1498    .data               mc_w.l(stdout.o)
    0x20000188   0x00000180   Zero   RW          496    .bss                idle.o
    0x20000308   0x00000080   Zero   RW          544    .bss                kservice.o
    0x20000388   0x00000020   Zero   RW          561    .bss                mem.o
    0x200003a8   0x00000040   Zero   RW          614    .bss                scheduler.o
    0x200003e8   0x00000280   Zero   RW          665    .bss                timer.o
    0x20000668   0x00001b14   Zero   RW          702    .bss                main.o
    0x2000217c   0x00001000   Zero   RW          801    .bss                board.o
    0x2000317c   0x0000000e   Zero   RW          877    .bss                bsp_lcd.o
    0x2000318a   0x00000006   PAD
    0x20003190   0x000002c0   Zero   RW         1003    .bss                sdio_sdcard.o
    0x20003450   0x00001000   Zero   RW         1022    .bss                w25qxx.o
    0x20004450   0x0000000a   Zero   RW         1056    .bss                rtc.o
    0x2000445a   0x000004b0   Zero   RW         1076    .bss                bsp_usart2.o
    0x2000490a   0x00000016   PAD
    0x20004920   0x00000440   Zero   RW         1181    .bss                malloc.o
    0x20004d60   0x00000400   Zero   RW            1    STACK               startup_stm32f10x_hd.o



  Load Region LR$$.ARM.__AT_0x68000000 (Base: 0x68000000, Size: 0x00000000, Max: 0x00000400, ABSOLUTE)

    Execution Region ER$$.ARM.__AT_0x68000000 (Base: 0x68000000, Size: 0x00000400, Max: 0x00000400, ABSOLUTE, UNINIT)

    Base Addr    Size         Type   Attr      Idx    E Section Name        Object

    0x68000000   0x00000400   Zero   RW         1179    .ARM.__AT_0x68000000  malloc.o



  Load Region LR$$.ARM.__AT_0x68000400 (Base: 0x68000400, Size: 0x00000000, Max: 0x00000040, ABSOLUTE)

    Execution Region ER$$.ARM.__AT_0x68000400 (Base: 0x68000400, Size: 0x00000040, Max: 0x00000040, ABSOLUTE, UNINIT)

    Base Addr    Size         Type   Attr      Idx    E Section Name        Object

    0x68000400   0x00000040   Zero   RW         1180    .ARM.__AT_0x68000400  malloc.o


==============================================================================

Image component sizes


      Code (inc. data)   RO Data    RW Data    ZI Data      Debug   Object Name

       288         28          0          0       4096      18821   board.o
       412         12          0          0          0       2302   bsp_dht11.o
     19336        168       6080          4         14      25219   bsp_lcd.o
        56          4          0          0          0        563   bsp_led.o
       368         10          0          0          0       2654   bsp_usart.o
       336         20          0          2       1200       2240   bsp_usart2.o
       512         16          0          8          0       3652   bsp_usart3.o
       180         18     175304          0          0       2477   cc936.o
       108          4          0          4          0       7560   clock.o
       180         20         16          0          0       2750   components.o
       240         26          0          0          0        836   context_rvds.o
         0          0          0          0          0       4508   core_cm3.o
       616        340          0         16          0       3379   cpuport.o
       280         26          0          5          0       1825   delay.o
       512          8          0          2          0       4590   diskio.o
     13028        144         58         10          0      37870   ff.o
       220         26          0          0        384       4462   idle.o
      2044          0          0          0          0      13143   ipc.o
        64          6          0          1          0       1610   irq.o
      2444        164        290          4        128      11236   kservice.o
      3328       1380          0         52       6932       9557   main.o
       556         18         24         28       2176       4960   malloc.o
      1252        186          0         24         32       4188   mem.o
       686          0          0          0          0       5799   mempool.o
      1856        584          0          8          0       4498   menu.o
       920        100          0         12          0       2145   menu_key.o
       220         22          0          0          0       1937   misc.o
       372          6          0         96          0       6223   object.o
      1076         28         24          2         10       4658   rtc.o
       480         30          0         24         64       5808   scheduler.o
      7216        256          0         16        704      25000   sdio_sdcard.o
       264         10          0          0          0       1189   spi.o
        36          8        304          0       1024        912   startup_stm32f10x_hd.o
       196          8          0          0          0       3636   stm32f10x_bkp.o
       596          8          0          0          0       4502   stm32f10x_dma.o
       284         10          0          0          0       2395   stm32f10x_exti.o
      1548         18          0          0          0       5511   stm32f10x_fsmc.o
       860         38          0          0          0       5865   stm32f10x_gpio.o
       204         14          0          0          0       2015   stm32f10x_pwr.o
       932         36          0         20          0       9108   stm32f10x_rcc.o
       328          4          0          0          0       2790   stm32f10x_rtc.o
       468         22          0          0          0       7252   stm32f10x_sdio.o
       780         14          0          0          0       6754   stm32f10x_spi.o
      1032         22          0          0          0       8596   stm32f10x_usart.o
        12          0          0          0          0        655   sys.o
       480         38          0         20          0     266879   system_stm32f10x.o
      1086         12          0          0          0       8825   thread.o
      1152         34          0         20        640       8501   timer.o
       856         22          0          2       4096       4641   w25qxx.o

    ----------------------------------------------------------------------
     70304       3968     182132        388      21528     576496   Object Totals
         0          0         32          0          0          0   (incl. Generated)
         4          0          0          8         28          0   (incl. Padding)

    ----------------------------------------------------------------------

      Code (inc. data)   RO Data    RW Data    ZI Data      Debug   Library Member Name

        86          0          0          0          0          0   __dczerorl2.o
         0          0          0          0          0          0   entry.o
         0          0          0          0          0          0   entry10a.o
         0          0          0          0          0          0   entry11a.o
         8          4          0          0          0          0   entry2.o
         4          0          0          0          0          0   entry5.o
         0          0          0          0          0          0   entry7b.o
         0          0          0          0          0          0   entry8b.o
         8          4          0          0          0          0   entry9a.o
        30          0          0          0          0          0   handlers.o
        36          8          0          0          0         68   init.o
         0          0          0          0          0          0   iusefp.o
        98          0          0          0          0         84   ldiv.o
        30          0          0          0          0         68   llshl.o
        36          0          0          0          0         68   llsshr.o
        32          0          0          0          0         68   llushr.o
        36          0          0          0          0         68   memcpya.o
      2344        102          0          0          0        684   printfa.o
         0          0          0          4          0          0   stdout.o
        24          0          0          0          0         68   strcat.o
        18          0          0          0          0         68   strcpy.o
        14          0          0          0          0         68   strlen.o
        44          0          0          0          0         80   uidiv.o
        98          0          0          0          0         92   uldiv.o
        48          0          0          0          0         68   cdrcmple.o
       334          0          0          0          0        148   dadd.o
       222          0          0          0          0        100   ddiv.o
       186          0          0          0          0        176   depilogue.o
        50          0          0          0          0         76   dfixui.o
        48          0          0          0          0         68   dfixul.o
        26          0          0          0          0         76   dfltui.o
       228          0          0          0          0         96   dmul.o

    ----------------------------------------------------------------------
      4092        118          0          4          0       2292   Library Totals
         4          0          0          0          0          0   (incl. Padding)

    ----------------------------------------------------------------------

      Code (inc. data)   RO Data    RW Data    ZI Data      Debug   Library Name

      2946        118          0          4          0       1484   mc_w.l
      1142          0          0          0          0        808   mf_w.l

    ----------------------------------------------------------------------
      4092        118          0          4          0       2292   Library Totals

    ----------------------------------------------------------------------

==============================================================================


      Code (inc. data)   RO Data    RW Data    ZI Data      Debug   

     74396       4086     182132        392      21528     573144   Grand Totals
     74396       4086     182132        124      21528     573144   ELF Image Totals (compressed)
     74396       4086     182132        124          0          0   ROM Totals

==============================================================================

    Total RO  Size (Code + RO Data)               256528 ( 250.52kB)
    Total RW  Size (RW Data + ZI Data)             21920 (  21.41kB)
    Total ROM Size (Code + RO Data + RW Data)     256652 ( 250.64kB)

==============================================================================

